{
 "salt": "bmmc-recoverability-v1",
 "source": "GSE194122_cite_BMMC_processed.h5ad",
 "source_gz_sha256": "b9b50fade9349719cba23c97c6515d3501a32ee3735fe95fe51221d2e8a5f361",
 "proteins": [
  "CD103",
  "CD107a",
  "CD112",
  "CD11b",
  "CD11c",
  "CD123",
  "CD127",
  "CD137",
  "CD14",
  "CD141",
  "CD146",
  "CD152",
  "CD154",
  "CD155",
  "CD158",
  "CD158b",
  "CD158e1",
  "CD16",
  "CD161",
  "CD163",
  "CD169",
  "CD18",
  "CD185",
  "CD19",
  "CD194",
  "CD195",
  "CD196",
  "CD1c",
  "CD1d",
  "CD2",
  "CD20",
  "CD21",
  "CD22",
  "CD223",
  "CD226",
  "CD24",
  "CD244",
  "CD25",
  "CD26",
  "CD268",
  "CD27",
  "CD272",
  "CD274",
  "CD278",
  "CD279",
  "CD28",
  "CD29",
  "CD3",
  "CD303",
  "CD304",
  "CD31",
  "CD314",
  "CD319",
  "CD335",
  "CD35",
  "CD36",
  "CD38",
  "CD39",
  "CD4",
  "CD40",
  "CD41",
  "CD44",
  "CD45",
  "CD45RA",
  "CD45RO",
  "CD47",
  "CD49b",
  "CD49d",
  "CD52",
  "CD54",
  "CD56",
  "CD57",
  "CD64",
  "CD69",
  "CD71",
  "CD73",
  "CD79b",
  "CD8",
  "CD81",
  "CD83",
  "CD86",
  "CD95",
  "CX3CR1",
  "HLA-DR",
  "IgD",
  "IgM",
  "TCRVa7.2",
  "TIGIT"
 ],
 "genes_missing": [
  "IGHG1",
  "ZNF683",
  "HLA-DQA2",
  "USP9Y",
  "XIST"
 ],
 "proteins_missing": [
  "B7-H4",
  "CD117",
  "CD138",
  "CD144",
  "CD15",
  "CD158f",
  "CD178",
  "CD184",
  "CD193",
  "CD1a",
  "CD267",
  "CD269",
  "CD273",
  "CD275",
  "CD294",
  "CD30",
  "CD305",
  "CD337",
  "CD34",
  "CD357",
  "CD366",
  "CD370",
  "CD371",
  "CD70",
  "CD80",
  "CD90",
  "CD96",
  "CD98",
  "TCRVa24Ja18",
  "TCRVg9",
  "TCRab",
  "TCRgd",
  "TSLPR",
  "XCR1"
 ],
 "files": {
  "adaptation": {
   "cells": 45127,
   "sha256": "ecea4dbbc09446b8a7b5a28993c5e3f44f8d4b8632819d1178c7db4ea702f269"
  },
  "scoring": {
   "cells": 45134,
   "sha256": "a436383282da77543d7cc97da0fa44860d6e73abd594890c39cf7dca63f54106"
  }
 },
 "cells_per_batch": {
  "s1d1": [
   2613,
   2614
  ],
  "s1d2": [
   2489,
   2489
  ],
  "s1d3": [
   3053,
   3053
  ],
  "s2d1": [
   5232,
   5233
  ],
  "s2d4": [
   2792,
   2792
  ],
  "s2d5": [
   4561,
   4561
  ],
  "s3d1": [
   4760,
   4761
  ],
  "s3d6": [
   5517,
   5518
  ],
  "s3d7": [
   5736,
   5737
  ],
  "s4d1": [
   2728,
   2728
  ],
  "s4d8": [
   1964,
   1965
  ],
  "s4d9": [
   3682,
   3683
  ]
 },
 "donor_of_batch": {
  "s1d1": "15078",
  "s1d2": "10886",
  "s1d3": "18303",
  "s2d1": "15078",
  "s2d4": "12710",
  "s2d5": "16710",
  "s3d1": "15078",
  "s3d6": "28045",
  "s3d7": "11466",
  "s4d1": "15078",
  "s4d8": "19593",
  "s4d9": "13272"
 }
}
