[     1s] fold ATF2: 3 groups
[     2s]   B=50: V0 14.9, V1 -2.1, V2 21.5, V3 -2.4
[     2s]   B=100: V0 59.1, V1 50.6, V2 60.0, V3 50.5
[     2s]   B=200: V0 71.6, V1 65.4, V2 71.1, V3 68.1
[     3s]   B=400: V0 74.6, V1 72.4, V2 74.5, V3 72.0
[     4s]   B=800: V0 86.8, V1 84.9, V2 86.6, V3 85.1
[     6s]   B=1600: V0 89.6, V1 90.0, V2 89.4, V3 90.1
[     6s] fold CAV1: 3 groups
[     6s]   B=50: V0 -2.1, V1 -2.8, V2 13.0, V3 -8.6
[     7s]   B=100: V0 47.0, V1 38.1, V2 51.4, V3 40.0
[     7s]   B=200: V0 65.2, V1 63.2, V2 65.9, V3 62.5
[     8s]   B=400: V0 76.0, V1 74.3, V2 76.6, V3 74.0
[     9s]   B=800: V0 84.9, V1 82.6, V2 85.5, V3 82.9
[    10s]   B=1600: V0 87.5, V1 87.3, V2 88.5, V3 87.3
[    10s] fold CD86: 3 groups
[    11s]   B=50: V0 19.0, V1 4.8, V2 20.7, V3 0.9
[    11s]   B=100: V0 11.9, V1 -2.5, V2 16.7, V3 -3.4
[    12s]   B=200: V0 34.4, V1 27.1, V2 36.9, V3 27.8
[    12s]   B=400: V0 42.3, V1 45.5, V2 45.0, V3 47.0
[    13s]   B=800: V0 57.4, V1 56.5, V2 59.1, V3 56.5
[    15s]   B=1600: V0 56.7, V1 55.1, V2 58.3, V3 55.4
[    15s] fold CMTM6: 3 groups
[    15s]   B=50: V0 7.8, V1 -1.9, V2 8.1, V3 6.5
[    16s]   B=100: V0 21.9, V1 32.2, V2 28.2, V3 32.9
[    16s]   B=200: V0 62.9, V1 62.1, V2 63.4, V3 62.2
[    17s]   B=400: V0 66.1, V1 65.2, V2 65.3, V3 65.2
[    18s]   B=800: V0 65.8, V1 66.9, V2 65.3, V3 67.0
[    19s]   B=1600: V0 72.3, V1 72.9, V2 72.1, V3 73.3
[    19s] fold ETV7: 3 groups
[    20s]   B=50: V0 -397.3, V1 -500.7, V2 -309.6, V3 -529.8
[    20s]   B=100: V0 -379.1, V1 -699.2, V2 -158.6, V3 -662.9
[    21s]   B=200: V0 28.9, V1 7.5, V2 104.1, V3 4.6
[    21s]   B=400: V0 342.1, V1 333.2, V2 390.2, V3 331.4
[    22s]   B=800: V0 409.2, V1 400.3, V2 425.6, V3 403.6
[    23s]   B=1600: V0 447.1, V1 456.1, V2 456.8, V3 463.8
[    23s] fold IFNGR1: 3 groups
[    24s]   B=50: V0 21.2, V1 -3.4, V2 23.5, V3 -2.9
[    25s]   B=100: V0 30.0, V1 14.1, V2 40.7, V3 17.1
[    25s]   B=200: V0 66.0, V1 60.1, V2 65.1, V3 58.3
[    25s]   B=400: V0 56.1, V1 52.2, V2 58.0, V3 51.2
[    26s]   B=800: V0 57.6, V1 53.7, V2 58.6, V3 52.9
[    28s]   B=1600: V0 69.4, V1 68.0, V2 69.5, V3 67.4
[    28s] fold IFNGR2: 3 groups
[    28s]   B=50: V0 19.6, V1 -14.4, V2 20.4, V3 -21.4
[    29s]   B=100: V0 27.2, V1 26.6, V2 28.9, V3 26.9
[    29s]   B=200: V0 29.8, V1 28.5, V2 31.2, V3 28.6
[    30s]   B=400: V0 47.6, V1 47.0, V2 47.3, V3 47.3
[    31s]   B=800: V0 51.8, V1 51.7, V2 51.9, V3 51.7
[    32s]   B=1600: V0 53.1, V1 53.2, V2 52.9, V3 53.3
[    32s] fold IRF1: 3 groups
[    33s]   B=50: V0 1.6, V1 -15.8, V2 6.7, V3 -17.5
[    33s]   B=100: V0 49.6, V1 29.1, V2 53.5, V3 29.5
[    34s]   B=200: V0 48.5, V1 30.5, V2 54.5, V3 29.1
[    34s]   B=400: V0 74.9, V1 70.5, V2 77.9, V3 70.0
[    35s]   B=800: V0 81.3, V1 79.5, V2 81.3, V3 79.4
[    37s]   B=1600: V0 88.3, V1 88.3, V2 88.3, V3 88.6
[    37s] fold IRF7: 2 groups
[    37s]   B=50: V0 34.9, V1 14.4, V2 45.5, V3 17.2
[    38s]   B=100: V0 76.8, V1 73.5, V2 85.4, V3 72.6
[    38s]   B=200: V0 101.6, V1 99.5, V2 103.1, V3 99.7
[    39s]   B=400: V0 111.0, V1 109.4, V2 109.0, V3 106.9
[    40s]   B=800: V0 128.8, V1 125.7, V2 126.6, V3 125.7
[    41s]   B=1600: V0 132.2, V1 132.6, V2 130.8, V3 132.7
[    41s] fold JAK2: 3 groups
[    42s]   B=50: V0 -10.7, V1 -19.2, V2 -5.2, V3 -20.0
[    42s]   B=100: V0 -27.7, V1 -35.1, V2 -19.1, V3 -35.0
[    43s]   B=200: V0 14.7, V1 11.0, V2 15.5, V3 10.7
[    43s]   B=400: V0 20.1, V1 17.9, V2 21.0, V3 17.1
[    44s]   B=800: V0 15.3, V1 13.7, V2 16.4, V3 13.3
[    46s]   B=1600: V0 28.8, V1 29.4, V2 28.7, V3 29.4
[    46s] fold MARCH8: 3 groups
[    46s]   B=50: V0 32.3, V1 13.9, V2 34.9, V3 15.3
[    46s]   B=100: V0 42.3, V1 40.6, V2 48.6, V3 42.2
[    47s]   B=200: V0 66.8, V1 55.9, V2 69.8, V3 55.9
[    47s]   B=400: V0 69.7, V1 63.6, V2 73.8, V3 63.0
[    48s]   B=800: V0 78.9, V1 75.7, V2 80.5, V3 74.4
[    50s]   B=1600: V0 83.2, V1 81.1, V2 84.4, V3 81.1
[    50s] fold NFKBIA: 3 groups
[    51s]   B=50: V0 54.2, V1 36.3, V2 47.6, V3 33.6
[    51s]   B=100: V0 49.0, V1 58.2, V2 50.0, V3 56.6
[    51s]   B=200: V0 67.5, V1 38.8, V2 65.2, V3 39.8
[    52s]   B=400: V0 81.5, V1 76.9, V2 80.2, V3 77.5
[    53s]   B=800: V0 93.3, V1 90.6, V2 92.0, V3 89.6
[    54s]   B=1600: V0 93.5, V1 92.5, V2 93.4, V3 92.2
[    54s] fold PDCD1LG2: 3 groups
[    55s]   B=50: V0 25.1, V1 25.5, V2 26.7, V3 29.6
[    55s]   B=100: V0 35.0, V1 30.7, V2 36.9, V3 28.1
[    56s]   B=200: V0 56.1, V1 57.4, V2 57.5, V3 58.1
[    56s]   B=400: V0 69.2, V1 66.0, V2 68.9, V3 66.0
[    57s]   B=800: V0 72.9, V1 72.3, V2 72.5, V3 72.6
[    59s]   B=1600: V0 79.0, V1 78.9, V2 79.0, V3 78.8
[    59s] fold POU2F2: 1 groups
[    60s]   B=50: V0 41.4, V1 17.2, V2 57.1, V3 19.2
[    60s]   B=100: V0 60.9, V1 58.5, V2 66.1, V3 60.2
[    61s]   B=200: V0 89.5, V1 81.5, V2 88.1, V3 81.9
[    61s]   B=400: V0 83.1, V1 85.4, V2 85.3, V3 86.4
[    62s]   B=800: V0 87.0, V1 84.8, V2 88.5, V3 85.1
[    63s]   B=1600: V0 91.6, V1 89.4, V2 92.6, V3 89.3
[    63s] fold SMAD4: 2 groups
[    64s]   B=50: V0 -5.9, V1 -13.3, V2 -4.3, V3 -12.7
[    64s]   B=100: V0 8.8, V1 2.2, V2 8.0, V3 2.6
[    65s]   B=200: V0 -13.8, V1 -17.4, V2 -10.4, V3 -17.7
[    66s]   B=400: V0 18.4, V1 16.2, V2 19.3, V3 15.1
[    66s]   B=800: V0 -2.1, V1 -7.1, V2 0.1, V3 -6.9
[    68s]   B=1600: V0 2.0, V1 -2.0, V2 3.3, V3 -2.6
[    68s] fold STAT1: 1 groups
[    69s]   B=50: V0 -42.7, V1 -52.8, V2 -35.5, V3 -61.7
[    69s]   B=100: V0 4.0, V1 -0.5, V2 -0.4, V3 1.1
[    69s]   B=200: V0 11.9, V1 5.5, V2 7.4, V3 3.0
[    70s]   B=400: V0 21.7, V1 18.7, V2 17.7, V3 20.7
[    71s]   B=800: V0 13.9, V1 14.8, V2 12.0, V3 15.2
[    72s]   B=1600: V0 11.3, V1 10.5, V2 10.1, V3 9.7
[    72s] fold STAT2: 3 groups
[    73s]   B=50: V0 17.1, V1 4.0, V2 26.3, V3 6.3
[    73s]   B=100: V0 63.3, V1 62.0, V2 64.0, V3 61.3
[    74s]   B=200: V0 72.9, V1 69.3, V2 71.0, V3 69.0
[    74s]   B=400: V0 88.4, V1 86.8, V2 87.4, V3 86.1
[    75s]   B=800: V0 93.2, V1 91.3, V2 92.6, V3 91.6
[    76s]   B=1600: V0 101.3, V1 100.7, V2 101.0, V3 100.9
[    76s] fold STAT3: 2 groups
[    77s]   B=50: V0 8.9, V1 8.5, V2 7.2, V3 6.0
[    77s]   B=100: V0 21.4, V1 13.3, V2 19.6, V3 17.2
[    78s]   B=200: V0 22.7, V1 23.2, V2 26.0, V3 22.3
[    78s]   B=400: V0 40.9, V1 40.6, V2 41.1, V3 40.4
[    79s]   B=800: V0 40.1, V1 40.5, V2 40.0, V3 40.1
[    81s]   B=1600: V0 47.5, V1 47.3, V2 47.4, V3 47.4
[    81s] fold STAT5A: 3 groups
[    81s]   B=50: V0 318.9, V1 303.6, V2 278.9, V3 166.3
[    82s]   B=100: V0 497.9, V1 448.9, V2 499.7, V3 454.7
[    82s]   B=200: V0 712.8, V1 695.6, V2 697.9, V3 675.0
[    83s]   B=400: V0 805.2, V1 781.6, V2 806.2, V3 779.1
[    84s]   B=800: V0 844.2, V1 840.4, V2 844.4, V3 842.3
[    85s]   B=1600: V0 887.7, V1 886.6, V2 888.9, V3 887.0
[    85s] fold TNFRSF14: 3 groups
[    86s]   B=50: V0 11.8, V1 7.4, V2 7.7, V3 9.7
[    86s]   B=100: V0 52.9, V1 49.5, V2 55.2, V3 51.9
[    87s]   B=200: V0 59.2, V1 56.1, V2 62.0, V3 56.4
[    87s]   B=400: V0 71.6, V1 65.1, V2 70.9, V3 64.6
[    88s]   B=800: V0 85.5, V1 83.1, V2 85.1, V3 82.3
[    90s]   B=1600: V0 88.4, V1 88.8, V2 88.3, V3 88.3
[    90s] fold UBE2L6: 2 groups
[    90s]   B=50: V0 26.0, V1 29.3, V2 25.2, V3 19.2
[    91s]   B=100: V0 41.5, V1 42.6, V2 39.2, V3 42.4
[    91s]   B=200: V0 55.3, V1 56.9, V2 53.2, V3 57.0
[    92s]   B=400: V0 59.4, V1 57.3, V2 58.8, V3 57.3
[    93s]   B=800: V0 77.5, V1 77.3, V2 76.6, V3 77.2
[    94s]   B=1600: V0 75.5, V1 75.2, V2 75.5, V3 74.9
[    94s] V0 vs stored bjs2/mapped: max abs difference 0.00e+00
[    94s] V0: 16.0 37.1 55.1 67.3 73.0 77.6 | mean 54.34
[    94s] V1: 4.3 31.4 50.0 65.0 71.4 77.0 | mean 49.84
[    94s] V2: 19.1 40.3 56.0 67.7 73.1 77.8 | mean 55.66
[    94s] V3: 2.3 31.9 49.8 64.8 71.3 77.0 | mean 49.52
[    94s] done
