[    13s] bmmc_cite: fold 0 B=25 (bjs2 30, selftune 4, js 19, scose 2, fcose 2, lowrank 84, semicca 829, ridge_p 50, ridge_u 50 ms/fit)
[    42s] bmmc_cite: fold 0 B=50 (bjs2 38, selftune 4, js 27, scose 2, fcose 3, lowrank 82, semicca 817, ridge_p 51, ridge_u 49 ms/fit)
[    82s] bmmc_cite: fold 0 B=100 (bjs2 52, selftune 5, js 53, scose 4, fcose 4, lowrank 89, semicca 810, ridge_p 52, ridge_u 50 ms/fit)
[   182s] bmmc_cite: fold 0 B=200 (bjs2 143, selftune 7, js 152, scose 8, fcose 15, lowrank 127, semicca 994, ridge_p 74, ridge_u 70 ms/fit)
[   293s] bmmc_cite: fold 0 B=400 (bjs2 314, selftune 9, js 318, scose 16, fcose 49, lowrank 167, semicca 1131, ridge_p 84, ridge_u 81 ms/fit)
[   449s] bmmc_cite: fold 0 B=800 (bjs2 595, selftune 15, js 609, scose 30, fcose 219, lowrank 244, semicca 1287, ridge_p 97, ridge_u 92 ms/fit)
[   477s] bmmc_cite: fold 1 B=25 (bjs2 55, selftune 6, js 47, scose 4, fcose 4, lowrank 178, semicca 1553, ridge_p 121, ridge_u 117 ms/fit)
[   525s] bmmc_cite: fold 1 B=50 (bjs2 86, selftune 6, js 63, scose 7, fcose 6, lowrank 178, semicca 1579, ridge_p 123, ridge_u 112 ms/fit)
[   603s] bmmc_cite: fold 1 B=100 (bjs2 135, selftune 8, js 121, scose 8, fcose 9, lowrank 186, semicca 1600, ridge_p 125, ridge_u 112 ms/fit)
[   739s] bmmc_cite: fold 1 B=200 (bjs2 230, selftune 10, js 217, scose 13, fcose 21, lowrank 212, semicca 1652, ridge_p 130, ridge_u 121 ms/fit)
[   852s] bmmc_cite: fold 1 B=400 (bjs2 386, selftune 12, js 365, scose 19, fcose 60, lowrank 245, semicca 1683, ridge_p 129, ridge_u 124 ms/fit)
[  1001s] bmmc_cite: fold 1 B=800 (bjs2 627, selftune 16, js 618, scose 31, fcose 217, lowrank 299, semicca 1722, ridge_p 135, ridge_u 128 ms/fit)
[  1013s] bmmc_cite: fold 2 B=25 (bjs2 29, selftune 3, js 18, scose 2, fcose 2, lowrank 77, semicca 779, ridge_p 51, ridge_u 50 ms/fit)
[  1039s] bmmc_cite: fold 2 B=50 (bjs2 36, selftune 4, js 27, scose 3, fcose 2, lowrank 79, semicca 773, ridge_p 53, ridge_u 49 ms/fit)
[  1077s] bmmc_cite: fold 2 B=100 (bjs2 51, selftune 4, js 45, scose 4, fcose 4, lowrank 85, semicca 775, ridge_p 54, ridge_u 53 ms/fit)
[  1126s] bmmc_cite: fold 2 B=200 (bjs2 93, selftune 5, js 90, scose 6, fcose 9, lowrank 97, semicca 796, ridge_p 56, ridge_u 56 ms/fit)
[  1183s] bmmc_cite: fold 2 B=400 (bjs2 157, selftune 6, js 166, scose 9, fcose 26, lowrank 113, semicca 821, ridge_p 58, ridge_u 57 ms/fit)
[  1258s] bmmc_cite: fold 2 B=800 (bjs2 287, selftune 8, js 301, scose 15, fcose 108, lowrank 138, semicca 843, ridge_p 61, ridge_u 60 ms/fit)
[  1267s] bmmc_cite: predictions hashed
[  1294s] bmmc_cite: bootstrap 500/2000
[  1316s] bmmc_cite: bootstrap 1000/2000
[  1337s] bmmc_cite: bootstrap 1500/2000
[  1359s] bmmc_cite: bootstrap 2000/2000
[  1361s] bmmc_cite: done: proposed -6.8, 3.3, 15.9, 25.4, 36.3, 46.1; saving vs paired-only at 0.5: 2.48 [1.3079828005005958, 2.986027577189534]
