[    13s] malecns: fold 0 B=25 (bjs2 24, selftune 3, js 16, scose 2, fcose 2, lowrank 54, semicca 662, ridge_p 44, ridge_u 44 ms/fit)
[    27s] malecns: fold 0 B=50 (bjs2 32, selftune 4, js 23, scose 2, fcose 3, lowrank 70, semicca 664, ridge_p 52, ridge_u 45 ms/fit)
[    41s] malecns: fold 0 B=100 (bjs2 41, selftune 4, js 38, scose 4, fcose 5, lowrank 73, semicca 673, ridge_p 52, ridge_u 46 ms/fit)
[    58s] malecns: fold 0 B=200 (bjs2 74, selftune 4, js 77, scose 6, fcose 9, lowrank 79, semicca 692, ridge_p 52, ridge_u 48 ms/fit)
[    81s] malecns: fold 0 B=400 (bjs2 124, selftune 5, js 138, scose 8, fcose 27, lowrank 88, semicca 710, ridge_p 53, ridge_u 48 ms/fit)
[    93s] malecns: fold 1 B=25 (bjs2 23, selftune 3, js 15, scose 2, fcose 2, lowrank 52, semicca 643, ridge_p 44, ridge_u 43 ms/fit)
[   106s] malecns: fold 1 B=50 (bjs2 30, selftune 3, js 22, scose 2, fcose 2, lowrank 54, semicca 657, ridge_p 46, ridge_u 46 ms/fit)
[   119s] malecns: fold 1 B=100 (bjs2 40, selftune 4, js 33, scose 3, fcose 4, lowrank 58, semicca 663, ridge_p 46, ridge_u 45 ms/fit)
[   136s] malecns: fold 1 B=200 (bjs2 66, selftune 4, js 71, scose 5, fcose 9, lowrank 67, semicca 675, ridge_p 48, ridge_u 45 ms/fit)
[   158s] malecns: fold 1 B=400 (bjs2 119, selftune 5, js 132, scose 8, fcose 26, lowrank 79, semicca 695, ridge_p 50, ridge_u 46 ms/fit)
[   170s] malecns: fold 2 B=25 (bjs2 24, selftune 3, js 16, scose 2, fcose 2, lowrank 52, semicca 633, ridge_p 50, ridge_u 48 ms/fit)
[   183s] malecns: fold 2 B=50 (bjs2 31, selftune 3, js 22, scose 2, fcose 3, lowrank 54, semicca 626, ridge_p 47, ridge_u 46 ms/fit)
[   196s] malecns: fold 2 B=100 (bjs2 42, selftune 4, js 36, scose 3, fcose 4, lowrank 58, semicca 637, ridge_p 49, ridge_u 47 ms/fit)
[   213s] malecns: fold 2 B=200 (bjs2 74, selftune 4, js 71, scose 5, fcose 9, lowrank 64, semicca 656, ridge_p 50, ridge_u 47 ms/fit)
[   235s] malecns: fold 2 B=400 (bjs2 131, selftune 6, js 134, scose 8, fcose 27, lowrank 74, semicca 677, ridge_p 52, ridge_u 49 ms/fit)
[   238s] malecns: predictions hashed
[   368s] malecns: bootstrap 500/2000
[   497s] malecns: bootstrap 1000/2000
[   627s] malecns: bootstrap 1500/2000
[   757s] malecns: bootstrap 2000/2000
[   759s] malecns: done: proposed 35.5, 45.8, 54.0, 62.0, 67.1; saving vs paired-only at 0.5: 3.07 [2.5973613366967574, 3.624661506393625]
