informative/G1_paired_only/0.5 2.9 [2.26, 3.03]
informative/G1_paired_only/0.25 2.92 [2.16, 3.08]
informative/G1_paired_only/0.75 1.88 [1.67, 2.02]
informative/G2_semicca/0.5 2.29 [1.82, 2.38]
informative/G2_semicca/0.25 1.46 [1.02, 1.63]
informative/G2_semicca/0.75 1.67 [1.47, 1.78]
informative/original_forms/0.5 1.37 [1.1, 1.45]
informative/original_forms/0.25 1.1 [0.79, 1.17]
informative/original_forms/0.75 1.05 [0.97, 1.16]
informative/G3_selftune_vs_fixed/0.5 0.58 [0.55, 0.69]
informative/G3_selftune_vs_fixed/0.25 0.62 [0.59, 0.73]
informative/G3_selftune_vs_fixed/0.75 0.68 [0.64, 0.76]
all/G1_paired_only/0.5 2.21 [1.79, 2.75]
all/G1_paired_only/0.25 2.22 [1.71, 2.67]
all/G1_paired_only/0.75 1.5 [1.36, 1.92]
all/G2_semicca/0.5 2.09 [1.63, 2.17]
all/G2_semicca/0.25 1.4 [1.0, 1.54]
all/G2_semicca/0.75 1.58 [1.31, 1.72]
all/original_forms/0.5 1.13 [0.94, 1.32]
all/original_forms/0.25 0.94 [0.7, 1.07]
all/original_forms/0.75 0.9 [0.84, 1.1]
all/G3_selftune_vs_fixed/0.5 0.61 [0.59, 0.71]
all/G3_selftune_vs_fixed/0.25 0.65 [0.62, 0.76]
all/G3_selftune_vs_fixed/0.75 0.71 [0.65, 0.78]
{'G1_amended_met': True, 'G2_amended_met': True, 'G1_amended_all_met': True, 'G2_amended_all_met': True} missing [] not informative ['scala_m1']
