{
 "datasets": [
  "hao",
  "stephenson",
  "bmmc_cite",
  "colon",
  "bmmc_multiome",
  "scala_m1",
  "gouwens_visp",
  "banc",
  "malecns"
 ],
 "missing": [],
 "verdicts": {
  "G1_met": true,
  "G2_met": true
 }
}
G1_paired_only/0.5 1.5 [1.4, 1.55]
G1_paired_only/0.25 1.47 [1.22, 1.52]
G1_paired_only/0.75 1.3 [1.27, 1.37]
G2_semicca/0.5 1.34 [1.05, 1.39]
G2_semicca/0.25 1.27 [0.87, 1.32]
G2_semicca/0.75 1.3 [1.21, 1.34]
original_forms/0.5 1.05 [0.9, 1.08]
original_forms/0.25 0.95 [0.75, 0.98]
original_forms/0.75 0.99 [0.92, 1.03]
G3_selftune_vs_fixed/0.5 0.77 [0.75, 0.82]
G3_selftune_vs_fixed/0.25 0.79 [0.78, 0.86]
G3_selftune_vs_fixed/0.75 0.86 [0.82, 0.87]
