heldout groups 141
nt groups 3
all 7488 predictions match their digests
scored heldout
scored nt
{
 "verdict": {
  "H1_recovery": true,
  "H2_beats_pseudo_populations": true,
  "H2_beats_derangements": true,
  "H3_nontargeting": true,
  "H4_most_of_paired": false
 },
 "heldout": {
  "benchmark": {
   "value": 0.23997277374107187,
   "ci": [
    0.197951647461906,
    0.2774697533558147
   ]
  },
  "independence": {
   "value": 0.0,
   "ci": [
    0.0,
    0.0
   ]
  },
  "paired_closed_form": {
   "value": 0.37271147407159405,
   "ci": [
    0.3165253724576516,
    0.42219872151938187
   ]
  },
  "paired_closed_form_latent": {
   "value": 0.39680262945773526,
   "ci": [
    0.3440946743053538,
    0.443732101662408
   ]
  },
  "pf_latent": {
   "value": -0.3335850077475793,
   "ci": [
    -0.3875189598536598,
    -0.28726928151588144
   ]
  },
  "pf_measured": {
   "value": -0.364101021363611,
   "ci": [
    -0.4195522305178677,
    -0.3164552836522974
   ]
  },
  "pf_within_condition": {
   "value": 0.15050675213594955,
   "ci": [
    0.12984498165320632,
    0.1721181523501592
   ]
  },
  "pf_within_latent": {
   "value": 0.06991961770643533,
   "ci": [
    0.04388369303413704,
    0.09503037402322664
   ]
  },
  "pf_within_measured": {
   "value": 0.06789859389334499,
   "ci": [
    0.04051164657969921,
    0.09416653479007786
   ]
  },
  "pf_within_regression": {
   "value": 0.09175098426377587,
   "ci": [
    0.07936898621700222,
    0.10496073579898359
   ]
  },
  "reference_regression": {
   "value": 0.5344468628857537,
   "ci": [
    0.49385379686828623,
    0.5717660449056868
   ]
  },
  "transferred_correlation": {
   "value": 0.9669674700940248,
   "ci": [
    0.9267239127092368,
    1.0068827719640379
   ]
  },
  "control_within_pseudo": {
   "value": -0.0010048526450699377,
   "ci": [
    -0.0014523955341288139,
    -0.0005742287330408176
   ]
  },
  "control_within_derange": {
   "value": -0.004141576526730214,
   "ci": [
    -0.005671293687542473,
    -0.0026549347842712463
   ]
  },
  "control_pseudo": {
   "value": -0.46427431589112994,
   "ci": [
    -0.5229769825155779,
    -0.41346858687261906
   ]
  },
  "control_derange": {
   "value": -0.7535289942236308,
   "ci": [
    -0.8199604221787753,
    -0.6977949160719487
   ]
  },
  "primary_minus_within_pseudo": {
   "value": 0.06890344653841493,
   "ci": [
    0.041588747276003826,
    0.09496237438307806
   ]
  },
  "primary_minus_within_derange": {
   "value": 0.0720401704200752,
   "ci": [
    0.046139259808279175,
    0.097220909735489
   ]
  },
  "share_of_paired": {
   "value": 0.1821746809981556,
   "ci": [
    0.11508548530052219,
    0.2498970794344955
   ]
  },
  "primary_minus_unstratified": {
   "value": 0.43199961525695596,
   "ci": [
    0.39655653617963044,
    0.4722031201546053
   ]
  },
  "unstratified_minus_pseudo": {
   "value": 0.10017329452751894,
   "ci": [
    0.08494559667118345,
    0.11558888209686574
   ]
  },
  "unstratified_minus_derange": {
   "value": 0.38942797286001984,
   "ci": [
    0.36798681978787323,
    0.4110500383463734
   ]
  }
 },
 "nt": {
  "pooled": {
   "benchmark": 0.8966870366516757,
   "paired_closed_form": 0.9431354805416291,
   "pf_measured": -0.11902670219080111,
   "pf_within_condition": 0.1892391321343459,
   "pf_within_latent": 0.17928197636658147,
   "pf_within_measured": 0.18603296335667033,
   "reference_regression": 0.9134284680313411,
   "transferred_correlation": 0.984631503429046
  },
  "pooled_ci": {
   "benchmark": [
    0.8809122938013383,
    0.9110456665232483
   ],
   "paired_closed_form": [
    0.9283878538746214,
    0.9572434943236148
   ],
   "pf_measured": [
    -0.16148846750061002,
    -0.07669831838364909
   ],
   "pf_within_condition": [
    0.16471090396873533,
    0.213329472147101
   ],
   "pf_within_latent": [
    0.1554708455731156,
    0.2027769160437074
   ],
   "pf_within_measured": [
    0.1611921316749906,
    0.21066490140407618
   ],
   "reference_regression": [
    0.896456294853588,
    0.9290422669717011
   ],
   "transferred_correlation": [
    0.9703516559930886,
    0.9983052625374155
   ]
  },
  "share_of_paired": {
   "value": 0.19724945905951316,
   "ci": [
    0.17123081578749405,
    0.22342513058755997
   ]
  },
  "guide_sets": {
   "coculture": 164,
   "control": 167,
   "ifng": 212
  }
 }
}
