cells 218,331; single 111,453; NT 16,319; targets 248; held out 62
  streamed 25,000,000 of 740,736,244
  streamed 50,000,000 of 740,736,244
  streamed 75,000,000 of 740,736,244
  streamed 100,000,000 of 740,736,244
  streamed 125,000,000 of 740,736,244
  streamed 150,000,000 of 740,736,244
  streamed 175,000,000 of 740,736,244
  streamed 200,000,000 of 740,736,244
  streamed 225,000,000 of 740,736,244
  streamed 250,000,000 of 740,736,244
  streamed 275,000,000 of 740,736,244
  streamed 300,000,000 of 740,736,244
  streamed 325,000,000 of 740,736,244
  streamed 350,000,000 of 740,736,244
  streamed 375,000,000 of 740,736,244
  streamed 400,000,000 of 740,736,244
  streamed 425,000,000 of 740,736,244
  streamed 450,000,000 of 740,736,244
  streamed 475,000,000 of 740,736,244
  streamed 500,000,000 of 740,736,244
  streamed 525,000,000 of 740,736,244
  streamed 550,000,000 of 740,736,244
  streamed 575,000,000 of 740,736,244
  streamed 600,000,000 of 740,736,244
  streamed 625,000,000 of 740,736,244
  streamed 650,000,000 of 740,736,244
  streamed 675,000,000 of 740,736,244
  streamed 700,000,000 of 740,736,244
  streamed 725,000,000 of 740,736,244
  streamed 740,736,244 of 740,736,244
panel: 19 encoding genes, 181 variable genes (77s)
{
 "created": "2026-09-27T06:30:47-04:00",
 "source": {
  "FrangiehIzar2021_RNA.h5ad": "cc42ef38bcf703a00e0c77c7945dd53159b12d814c438ae8afeaed9bc71f48d1",
  "FrangiehIzar2021_protein.h5ad": "1f85827b5afad11a30d8ac99399772231110a1c3723bed6ecf7981a12cc3dbcc"
 },
 "cells": 218331,
 "classes": {
  "NT": 16319,
  "mixedNT": 18258,
  "multi": 49273,
  "none": 23028,
  "single": 111453
 },
 "targets": 248,
 "heldout_targets": [
  "AHNAK",
  "APOD",
  "CCR10",
  "CD63",
  "CDK6",
  "CGAS",
  "CITED1",
  "CORO1A",
  "CST3",
  "CTSL",
  "CTSO",
  "CYP27A1",
  "EIF3K",
  "FARSA",
  "FKBP4",
  "FMN1",
  "FRZB",
  "HLA-C",
  "HLA-H",
  "KCNN4",
  "KLF4",
  "LRRC75A-AS1",
  "MFGE8",
  "NCL",
  "NME1",
  "NMRK1",
  "P2RX4",
  "PFDN4",
  "PFN1",
  "PRELID3B",
  "PSAP",
  "PTMA",
  "PUF60",
  "RBP7",
  "RNASEH2A",
  "RRS1",
  "RUVBL2",
  "S100A6",
  "S100B",
  "SAT1",
  "SCARB2",
  "SGK1",
  "SINHCAF",
  "SNHG6",
  "SNRPE",
  "SNRPF",
  "SNRPG",
  "SPINT1",
  "STAT1",
  "STAT3",
  "STX7",
  "TFAP2A",
  "TGFB1",
  "TIMP3",
  "TM4SF1",
  "TPRKB",
  "TUBB",
  "TXNDC17",
  "UBC",
  "UBL5",
  "WNT7A",
  "XAGE1A"
 ],
 "genes": [
  "IFNGR1",
  "PDGFRA",
  "PDGFRB",
  "SIRPA",
  "CD274",
  "ITGB1",
  "KDR",
  "CD44",
  "CD47",
  "ITGA6",
  "CD58",
  "CD59",
  "ITGB3",
  "HLA-A",
  "HLA-B",
  "HLA-C",
  "B2M",
  "HLA-E",
  "CD9",
  "S100A9",
  "KRT17",
  "CXCL9",
  "MSMP",
  "KRTAP2-3",
  "KRT81",
  "CXCL10",
  "INHBA",
  "MMP3",
  "SPANXD",
  "TAGLN",
  "G0S2",
  "CCL2",
  "KYNU",
  "EGR1",
  "GDF15",
  "CXCL11",
  "IGFBP5",
  "GBP5",
  "HMOX1",
  "TXNIP",
  "MAFB",
  "AKR1C1",
  "AREG",
  "IL1B",
  "TEX29",
  "BCL2A1",
  "CD74",
  "IGFN1",
  "HIST1H1B",
  "HLA-DPA1",
  "EDN1",
  "PLAC8",
  "MMP1",
  "PRSS3",
  "HIST1H1D",
  "CXCL1",
  "IDO1",
  "TNFSF10",
  "SNAI1",
  "AKR1B10",
  "CTGF",
  "F3",
  "PTGES",
  "HLA-DRB1",
  "CXCL8",
  "TRIB3",
  "CD163L1",
  "HAPLN3",
  "CXCL3",
  "DIO2",
  "CXCL2",
  "ID2",
  "CDC20",
  "IGFBP2",
  "PTGS2",
  "COL1A1",
  "ATF3",
  "DKK1",
  "HTRA3",
  "IL13RA2",
  "TPX2",
  "SECTM1",
  "CCNA1",
  "UBE2C",
  "HLA-DRA",
  "SLC16A6",
  "TOP2A",
  "GALNT6",
  "PTHLH",
  "CENPF",
  "LRRC17",
  "VGF",
  "AC105999.2",
  "DLGAP5",
  "SCN9A",
  "RRM2",
  "FBXO32",
  "AC003092.1",
  "BEX1",
  "CD7",
  "PLK1",
  "AKR1C3",
  "OASL",
  "CCNB1",
  "KRT8",
  "CENPE",
  "SPP1",
  "HMMR",
  "SAA1",
  "FAM111B",
  "PTTG1",
  "CEBPD",
  "DDIT4",
  "CYP1B1",
  "HIST1H2AC",
  "CYR61",
  "IGFBP3",
  "SOCS1",
  "AC023157.3",
  "HIST3H2A",
  "AKR1C2",
  "VSNL1",
  "PTPRN2",
  "FAM83D",
  "AURKA",
  "HAS1",
  "ARL6IP1",
  "HBEGF",
  "DUSP1",
  "HJURP",
  "ADAMTS6",
  "ASPM",
  "AL355916.1",
  "SGO2",
  "HMGB2",
  "BATF3",
  "NUSAP1",
  "RNF213",
  "HEY1",
  "SERPINE1",
  "DSP",
  "HIST2H2AC",
  "CIITA",
  "IL6",
  "KCNE4",
  "PEG10",
  "EPSTI1",
  "AKAP12",
  "ARL4C",
  "MKI67",
  "ISG20",
  "STC1",
  "GBP4",
  "NDN",
  "HIST1H2BC",
  "CDKN3",
  "SAMD9L",
  "DDIT3",
  "CCL20",
  "NOX5",
  "CCNB2",
  "FGF5",
  "HIST1H1E",
  "NEFL",
  "GGT5",
  "HIST1H2BJ",
  "ETV7",
  "GBP1",
  "GBP2",
  "HLA-DPB1",
  "CKS2",
  "SERINC2",
  "PBK",
  "PCLO",
  "CDKN1A",
  "BMP2",
  "ARID5B",
  "CDKN2B",
  "AP002884.1",
  "JUNB",
  "LPAR6",
  "VIPR1",
  "QPRT",
  "TNFRSF11B",
  "NEK2",
  "HLA-DMA",
  "HIST1H4H",
  "KIAA0040",
  "CLSPN",
  "CENPA",
  "IFI27",
  "CKB",
  "CLGN",
  "CLEC2B",
  "BATF2",
  "EREG",
  "APOL6",
  "TBX2",
  "RGS2",
  "GADD45B"
 ],
 "encoding_genes": [
  "IFNGR1",
  "PDGFRA",
  "PDGFRB",
  "SIRPA",
  "CD274",
  "ITGB1",
  "KDR",
  "CD44",
  "CD47",
  "ITGA6",
  "CD58",
  "CD59",
  "ITGB3",
  "HLA-A",
  "HLA-B",
  "HLA-C",
  "B2M",
  "HLA-E",
  "CD9"
 ],
 "proteins": [
  "CD117",
  "CD119",
  "CD140a",
  "CD140b",
  "CD172a",
  "CD184",
  "CD202b",
  "CD274",
  "CD29",
  "CD309",
  "CD44",
  "CD47",
  "CD49f",
  "CD58",
  "CD59",
  "CD61",
  "HLA_A",
  "HLA_E",
  "CD9",
  "CD279"
 ],
 "library_equals_ncounts": true,
 "files": {
  "training": {
   "sha256": "facdfccf553b7be559826af5e743aca08eef4146f8c833f036d346fa04502375",
   "cells": 85490
  },
  "heldout_adaptation": {
   "sha256": "e3be7e380aaadbcc7080d20f230a1a3583525715b7e5fd1fa8d082a1f9f07bc7",
   "cells": 12932
  },
  "heldout_scoring": {
   "sha256": "13149586434f73e351e7342ffc7926826c622c76a6ef04813668243faacc4162",
   "cells": 13031
  },
  "nt_adaptation": {
   "sha256": "46706fc38cb360b0021652912de120e0152582444c87dfbb7aae71655bd259ee",
   "cells": 8159
  },
  "nt_scoring": {
   "sha256": "5ab571d68f87df214b8844151bbbae4d768bea651851d624cc3bd8649d9992a9",
   "cells": 8160
  }
 },
 "note": "held-out and non-targeting cells: only library sizes were computed before this seal"
}
done in 85s
