fold 0 B=25 [1s]
fold 0 B=50 [2s]
fold 0 B=100 [3s]
fold 0 B=200 [6s]
fold 0 B=400 [10s]
fold 1 B=25 [12s]
fold 1 B=50 [13s]
fold 1 B=100 [14s]
fold 1 B=200 [16s]
fold 1 B=400 [21s]
fold 2 B=25 [23s]
fold 2 B=50 [24s]
fold 2 B=100 [25s]
fold 2 B=200 [27s]
fold 2 B=400 [32s]
proposed_own_standardization                     [37.0, 51.5, 60.0, 68.3, 74.1]
paired_only_own_standardization                  [14.9, 25.1, 36.5, 48.0, 58.9]
proposed_pool_standardization_prespecified       [-30.3, -112.8, -77.6, -101.3, -109.0]
paired_only_pool_standardization_prespecified    [0.0, -68.7, -51.5, -65.8, -69.2]
proposed_same_animal_pool                        [34.0, 46.0, 56.2, 63.9, 68.1]
paired_only_same_animal_pool                     [13.5, 23.4, 35.9, 45.9, 55.5]
