[04:17:02] fold 0: 4 units so far
[04:17:02] fold 17: 6 units so far
{
 "units": 6,
 "overall": {
  "P<=0.1": 0.08926295045045045,
  "P<=0.05": 0.044987424924924926,
  "P<=0.01": 0.00950563063063063,
  "P<=0.001": 0.0011371996996996996,
  "P<=0.0001": 0.00016122372372372372
 },
 "replicability": {
  "null_rate": 5.968468468468469e-05,
  "nominal_rate": 5e-05,
  "observed_rate": 0.035127627627627625,
  "implied_false_share": 0.001699081000213721,
  "same_sign_both_p01": 159,
  "pairs": 2664000,
  "observed": {
   "reproducible": 4679,
   "pairs": 133200
  }
 }
}
