{
 "note": "descriptive summary after all tests were scored; each data set at its primary target",
 "n_test": 10,
 "n_informative": 9,
 "geometric_mean": 3.0722047454174293,
 "ci": [
  2.442472848419702,
  3.2080299024202015
 ],
 "min": 1.3917151011155688,
 "max": 6.361167677359623,
 "n_lower_bound_above_one": 6
}
T cells, ORF screen (external test)    4.88 (3.22-6.03) == informative=True
Blood, 8 donors                        1.96 (1.00-2.07) >= informative=True
Blood, COVID-19                        2.05 (1.00-2.60) >= informative=True
Bone marrow                            4.75 (1.00-5.99) >= informative=True
Colon                                  6.36 (3.30-7.70) >= informative=True
Bone marrow multiome                   2.81 (1.71-3.02) >= informative=True
Motor cortex Patch-seq                 0.25 (0.25-2.73) <=> informative=False
Visual cortex Patch-seq                1.39 (1.20-1.59) == informative=True
Fly CNS, female                        3.59 (3.14-3.85) == informative=True
Fly CNS, male                          2.93 (2.63-3.13) =<= informative=True
